// Jest Snapshot v1, https://goo.gl/fbAQLP

exports[`App component renders Display and ButtonPanel components 1`] = `
<div
  className="contain"
>
  <h1
    className="heading"
  >
    Lets do some Math!
  </h1>
  <div
    className="border"
  >
    <div
      className="display-screen"
    >
      0
    </div>
    <div
      className="button-panel"
    >
      <div
        className="panel-row"
      >
        <button
          className="button"
          onClick={[Function]}
          style={
            Object {
              "background": "whitesmoke",
              "width": "25%",
            }
          }
          type="button"
        >
          AC
        </button>
        <button
          className="button"
          onClick={[Function]}
          style={
            Object {
              "background": "whitesmoke",
              "width": "25%",
            }
          }
          type="button"
        >
          +/-
        </button>
        <button
          className="button"
          onClick={[Function]}
          style={
            Object {
              "background": "whitesmoke",
              "width": "25%",
            }
          }
          type="button"
        >
          %
        </button>
        <button
          className="button"
          onClick={[Function]}
          style={
            Object {
              "background": "lavender",
              "width": "25%",
            }
          }
          type="button"
        >
          รท
        </button>
      </div>
      <div
        className="panel-row"
      >
        <button
          className="button"
          onClick={[Function]}
          style={
            Object {
              "background": "whitesmoke",
              "width": "25%",
            }
          }
          type="button"
        >
          7
        </button>
        <button
          className="button"
          onClick={[Function]}
          style={
            Object {
              "background": "whitesmoke",
              "width": "25%",
            }
          }
          type="button"
        >
          8
        </button>
        <button
          className="button"
          onClick={[Function]}
          style={
            Object {
              "background": "whitesmoke",
              "width": "25%",
            }
          }
          type="button"
        >
          9
        </button>
        <button
          className="button"
          onClick={[Function]}
          style={
            Object {
              "background": "lavender",
              "width": "25%",
            }
          }
          type="button"
        >
          x
        </button>
      </div>
      <div
        className="panel-row"
      >
        <button
          className="button"
          onClick={[Function]}
          style={
            Object {
              "background": "whitesmoke",
              "width": "25%",
            }
          }
          type="button"
        >
          4
        </button>
        <button
          className="button"
          onClick={[Function]}
          style={
            Object {
              "background": "whitesmoke",
              "width": "25%",
            }
          }
          type="button"
        >
          5
        </button>
        <button
          className="button"
          onClick={[Function]}
          style={
            Object {
              "background": "whitesmoke",
              "width": "25%",
            }
          }
          type="button"
        >
          6
        </button>
        <button
          className="button"
          onClick={[Function]}
          style={
            Object {
              "background": "lavender",
              "width": "25%",
            }
          }
          type="button"
        >
          -
        </button>
      </div>
      <div
        className="panel-row"
      >
        <button
          className="button"
          onClick={[Function]}
          style={
            Object {
              "background": "whitesmoke",
              "width": "25%",
            }
          }
          type="button"
        >
          1
        </button>
        <button
          className="button"
          onClick={[Function]}
          style={
            Object {
              "background": "whitesmoke",
              "width": "25%",
            }
          }
          type="button"
        >
          2
        </button>
        <button
          className="button"
          onClick={[Function]}
          style={
            Object {
              "background": "whitesmoke",
              "width": "25%",
            }
          }
          type="button"
        >
          3
        </button>
        <button
          className="button"
          onClick={[Function]}
          style={
            Object {
              "background": "lavender",
              "width": "25%",
            }
          }
          type="button"
        >
          +
        </button>
      </div>
      <div
        className="panel-row"
      >
        <button
          className="button"
          onClick={[Function]}
          style={
            Object {
              "background": "whitesmoke",
              "width": "50%",
            }
          }
          type="button"
        >
          0
        </button>
        <button
          className="button"
          onClick={[Function]}
          style={
            Object {
              "background": "whitesmoke",
              "width": "25%",
            }
          }
          type="button"
        >
          .
        </button>
        <button
          className="button"
          onClick={[Function]}
          style={
            Object {
              "background": "lavender",
              "width": "25%",
            }
          }
          type="button"
        >
          =
        </button>
      </div>
    </div>
  </div>
</div>
`;
